{
  "decisions": {
    "d1": {
      "snippet": "Margins in the commodity TV market had eroded below the firm's c...tegic exit to redeploy capital toward higher-margin LED lighting"
    }
  },
  "events": {
    "e1": {
      "snippet": "Philips posts Q4 loss on TV business"
    }
  },
  "transitions": {
    "t1": {
      "snippet": "Capital redeployed to LED lighting expansion"
    }
  }
}
